This is pdfTeX, Version 3.141592653-2.6-1.40.27 (MiKTeX 25.4) (preloaded format=pdflatex 2025.10.8)  27 NOV 2025 00:13
entering extended mode
 restricted \write18 enabled.
 file:line:error style messages enabled.
 %&-line parsing enabled.
**c:/work/0_currently_in_use/thesis/Thesis-Vehicle_Speed_Estimation_Based_on_Artificial_Intelligence_Algorithms/main.tex
(c:/work/0_currently_in_use/thesis/Thesis-Vehicle_Speed_Estimation_Based_on_Artificial_Intelligence_Algorithms/main.tex
LaTeX2e <2025-06-01> patch level 1
L3 programming layer <2025-09-02>
(C:\Users\andrzej.skrodzki\AppData\Local\Programs\MiKTeX\tex/latex/base\report.cls
Document Class: report 2025/01/22 v1.4n Standard LaTeX document class
(C:\Users\andrzej.skrodzki\AppData\Local\Programs\MiKTeX\tex/latex/base\size12.clo
File: size12.clo 2025/01/22 v1.4n Standard LaTeX file (size option)
)
\c@part=\count275
\c@chapter=\count276
\c@section=\count277
\c@subsection=\count278
\c@subsubsection=\count279
\c@paragraph=\count280
\c@subparagraph=\count281
\c@figure=\count282
\c@table=\count283
\abovecaptionskip=\skip49
\belowcaptionskip=\skip50
\bibindent=\dimen148
) (C:\Users\andrzej.skrodzki\AppData\Local\Programs\MiKTeX\tex/latex/base\inputenc.sty
Package: inputenc 2024/02/08 v1.3d Input encoding file
\inpenc@prehook=\toks17
\inpenc@posthook=\toks18
) (C:\Users\andrzej.skrodzki\AppData\Local\Programs\MiKTeX\tex/latex/biblatex\biblatex.sty
Package: biblatex 2025/07/10 v3.21 programmable bibliographies (PK/MW)
 (C:\Users\andrzej.skrodzki\AppData\Local\Programs\MiKTeX\tex/generic/pdftexcmds\pdftexcmds.sty
Package: pdftexcmds 2020-06-27 v0.33 Utility functions of pdfTeX for LuaTeX (HO)
 (C:\Users\andrzej.skrodzki\AppData\Local\Programs\MiKTeX\tex/generic/infwarerr\infwarerr.sty
Package: infwarerr 2019/12/03 v1.5 Providing info/warning/error messages (HO)
) (C:\Users\andrzej.skrodzki\AppData\Local\Programs\MiKTeX\tex/generic/iftex\iftex.sty
Package: iftex 2024/12/12 v1.0g TeX engine tests
) (C:\Users\andrzej.skrodzki\AppData\Local\Programs\MiKTeX\tex/generic/ltxcmds\ltxcmds.sty
Package: ltxcmds 2023-12-04 v1.26 LaTeX kernel commands for general use (HO)
)
Package pdftexcmds Info: \pdf@primitive is available.
Package pdftexcmds Info: \pdf@ifprimitive is available.
Package pdftexcmds Info: \pdfdraftmode found.
) (C:\Users\andrzej.skrodzki\AppData\Local\Programs\MiKTeX\tex/latex/etoolbox\etoolbox.sty
Package: etoolbox 2025/02/11 v2.5l e-TeX tools for LaTeX (JAW)
\etb@tempcnta=\count284
) (C:\Users\andrzej.skrodzki\AppData\Local\Programs\MiKTeX\tex/latex/graphics\keyval.sty
Package: keyval 2022/05/29 v1.15 key=value parser (DPC)
\KV@toks@=\toks19
) (C:\Users\andrzej.skrodzki\AppData\Local\Programs\MiKTeX\tex/latex/kvoptions\kvoptions.sty
Package: kvoptions 2022-06-15 v3.15 Key value format for package options (HO)
 (C:\Users\andrzej.skrodzki\AppData\Local\Programs\MiKTeX\tex/latex/kvsetkeys\kvsetkeys.sty
Package: kvsetkeys 2022-10-05 v1.19 Key value parser (HO)
)) (C:\Users\andrzej.skrodzki\AppData\Local\Programs\MiKTeX\tex/latex/logreq\logreq.sty
Package: logreq 2010/08/04 v1.0 xml request logger
\lrq@indent=\count285
 (C:\Users\andrzej.skrodzki\AppData\Local\Programs\MiKTeX\tex/latex/logreq\logreq.def
File: logreq.def 2010/08/04 v1.0 logreq spec v1.0
)) (C:\Users\andrzej.skrodzki\AppData\Local\Programs\MiKTeX\tex/latex/base\ifthen.sty
Package: ifthen 2024/03/16 v1.1e Standard LaTeX ifthen package (DPC)
) (C:\Users\andrzej.skrodzki\AppData\Local\Programs\MiKTeX\tex/latex/url\url.sty
\Urlmuskip=\muskip17
Package: url 2013/09/16  ver 3.4  Verb mode for urls, etc.
)
\c@tabx@nest=\count286
\c@listtotal=\count287
\c@listcount=\count288
\c@liststart=\count289
\c@liststop=\count290
\c@citecount=\count291
\c@citetotal=\count292
\c@multicitecount=\count293
\c@multicitetotal=\count294
\c@instcount=\count295
\c@maxnames=\count296
\c@minnames=\count297
\c@maxitems=\count298
\c@minitems=\count299
\c@citecounter=\count300
\c@maxcitecounter=\count301
\c@savedcitecounter=\count302
\c@uniquelist=\count303
\c@uniquename=\count304
\c@refsection=\count305
\c@refsegment=\count306
\c@maxextratitle=\count307
\c@maxextratitleyear=\count308
\c@maxextraname=\count309
\c@maxextradate=\count310
\c@maxextraalpha=\count311
\c@abbrvpenalty=\count312
\c@highnamepenalty=\count313
\c@lownamepenalty=\count314
\c@maxparens=\count315
\c@parenlevel=\count316
\blx@tempcnta=\count317
\blx@tempcntb=\count318
\blx@tempcntc=\count319
\c@blx@maxsection=\count320
\blx@maxsegment@0=\count321
\blx@notetype=\count322
\blx@parenlevel@text=\count323
\blx@parenlevel@foot=\count324
\blx@sectionciteorder@0=\count325
\blx@sectionciteorderinternal@0=\count326
\blx@entrysetcounter=\count327
\blx@biblioinstance=\count328
\labelnumberwidth=\skip51
\labelalphawidth=\skip52
\biblabelsep=\skip53
\bibitemsep=\skip54
\bibnamesep=\skip55
\bibinitsep=\skip56
\bibparsep=\skip57
\bibhang=\skip58
\blx@bcfin=\read2
\blx@bcfout=\write3
\blx@langwohyphens=\language79
\c@mincomprange=\count329
\c@maxcomprange=\count330
\c@mincompwidth=\count331
Package biblatex Info: Trying to load biblatex default data model...
Package biblatex Info: ... file 'blx-dm.def' found.
 (C:\Users\andrzej.skrodzki\AppData\Local\Programs\MiKTeX\tex/latex/biblatex\blx-dm.def
File: blx-dm.def 2025/07/10 v3.21 biblatex datamodel (PK/MW)
)
Package biblatex Info: Trying to load biblatex custom data model...
Package biblatex Info: ... file 'biblatex-dm.cfg' not found.
\c@afterword=\count332
\c@savedafterword=\count333
\c@annotator=\count334
\c@savedannotator=\count335
\c@author=\count336
\c@savedauthor=\count337
\c@bookauthor=\count338
\c@savedbookauthor=\count339
\c@commentator=\count340
\c@savedcommentator=\count341
\c@editor=\count342
\c@savededitor=\count343
\c@editora=\count344
\c@savededitora=\count345
\c@editorb=\count346
\c@savededitorb=\count347
\c@editorc=\count348
\c@savededitorc=\count349
\c@foreword=\count350
\c@savedforeword=\count351
\c@holder=\count352
\c@savedholder=\count353
\c@introduction=\count354
\c@savedintroduction=\count355
\c@namea=\count356
\c@savednamea=\count357
\c@nameb=\count358
\c@savednameb=\count359
\c@namec=\count360
\c@savednamec=\count361
\c@translator=\count362
\c@savedtranslator=\count363
\c@shortauthor=\count364
\c@savedshortauthor=\count365
\c@shorteditor=\count366
\c@savedshorteditor=\count367
\c@labelname=\count368
\c@savedlabelname=\count369
\c@institution=\count370
\c@savedinstitution=\count371
\c@lista=\count372
\c@savedlista=\count373
\c@listb=\count374
\c@savedlistb=\count375
\c@listc=\count376
\c@savedlistc=\count377
\c@listd=\count378
\c@savedlistd=\count379
\c@liste=\count380
\c@savedliste=\count381
\c@listf=\count382
\c@savedlistf=\count383
\c@location=\count384
\c@savedlocation=\count385
\c@organization=\count386
\c@savedorganization=\count387
\c@origlocation=\count388
\c@savedoriglocation=\count389
\c@origpublisher=\count390
\c@savedorigpublisher=\count391
\c@publisher=\count392
\c@savedpublisher=\count393
\c@language=\count394
\c@savedlanguage=\count395
\c@origlanguage=\count396
\c@savedoriglanguage=\count397
\c@pageref=\count398
\c@savedpageref=\count399
\shorthandwidth=\skip59
\shortjournalwidth=\skip60
\shortserieswidth=\skip61
\shorttitlewidth=\skip62
\shortauthorwidth=\skip63
\shorteditorwidth=\skip64
\locallabelnumberwidth=\skip65
\locallabelalphawidth=\skip66
\localshorthandwidth=\skip67
\localshortjournalwidth=\skip68
\localshortserieswidth=\skip69
\localshorttitlewidth=\skip70
\localshortauthorwidth=\skip71
\localshorteditorwidth=\skip72
Package biblatex Info: Trying to load compatibility code...
Package biblatex Info: ... file 'blx-compat.def' found.
 (C:\Users\andrzej.skrodzki\AppData\Local\Programs\MiKTeX\tex/latex/biblatex\blx-compat.def
File: blx-compat.def 2025/07/10 v3.21 biblatex compatibility (PK/MW)
)
Package biblatex Info: Trying to load generic definitions...
Package biblatex Info: ... file 'biblatex.def' found.
 (C:\Users\andrzej.skrodzki\AppData\Local\Programs\MiKTeX\tex/latex/biblatex\biblatex.def
File: biblatex.def 2025/07/10 v3.21 biblatex compatibility (PK/MW)
\c@textcitecount=\count400
\c@textcitetotal=\count401
\c@textcitemaxnames=\count402
\c@biburlbigbreakpenalty=\count403
\c@biburlbreakpenalty=\count404
\c@biburlnumpenalty=\count405
\c@biburlucpenalty=\count406
\c@biburllcpenalty=\count407
\biburlbigskip=\muskip18
\biburlnumskip=\muskip19
\biburlucskip=\muskip20
\biburllcskip=\muskip21
\c@smartand=\count408
)
Package biblatex Info: Trying to load bibliography style 'numeric'...
Package biblatex Info: ... file 'numeric.bbx' found.
 (C:\Users\andrzej.skrodzki\AppData\Local\Programs\MiKTeX\tex/latex/biblatex/bbx\numeric.bbx
File: numeric.bbx 2025/07/10 v3.21 biblatex bibliography style (PK/MW)
Package biblatex Info: Trying to load bibliography style 'standard'...
Package biblatex Info: ... file 'standard.bbx' found.
 (C:\Users\andrzej.skrodzki\AppData\Local\Programs\MiKTeX\tex/latex/biblatex/bbx\standard.bbx
File: standard.bbx 2025/07/10 v3.21 biblatex bibliography style (PK/MW)
\c@bbx:relatedcount=\count409
\c@bbx:relatedtotal=\count410
))
Package biblatex Info: Trying to load citation style 'numeric'...
Package biblatex Info: ... file 'numeric.cbx' found.
 (C:\Users\andrzej.skrodzki\AppData\Local\Programs\MiKTeX\tex/latex/biblatex/cbx\numeric.cbx
File: numeric.cbx 2025/07/10 v3.21 biblatex citation style (PK/MW)
Package biblatex Info: Redefining '\cite'.
Package biblatex Info: Redefining '\parencite'.
Package biblatex Info: Redefining '\footcite'.
Package biblatex Info: Redefining '\footcitetext'.
Package biblatex Info: Redefining '\smartcite'.
Package biblatex Info: Redefining '\supercite'.
Package biblatex Info: Redefining '\textcite'.
Package biblatex Info: Redefining '\textcites'.
Package biblatex Info: Redefining '\cites'.
Package biblatex Info: Redefining '\parencites'.
Package biblatex Info: Redefining '\smartcites'.
)
Package biblatex Info: Trying to load configuration file...
Package biblatex Info: ... file 'biblatex.cfg' found.
 (C:\Users\andrzej.skrodzki\AppData\Local\Programs\MiKTeX\tex/latex/biblatex\biblatex.cfg
File: biblatex.cfg 
)
Package biblatex Info: Input encoding 'utf8' detected.
Package biblatex Info: Document encoding is UTF8 ....
 (C:\Users\andrzej.skrodzki\AppData\Local\Programs\MiKTeX\tex/latex/l3kernel\expl3.sty
Package: expl3 2025-09-02 L3 programming layer (loader) 
 (C:\Users\andrzej.skrodzki\AppData\Local\Programs\MiKTeX\tex/latex/l3backend\l3backend-pdftex.def
File: l3backend-pdftex.def 2025-06-09 L3 backend support: PDF output (pdfTeX)
\l__color_backend_stack_int=\count411
))
Package biblatex Info: ... and expl3
(biblatex)             2025-09-02 L3 programming layer (loader) 
(biblatex)             is new enough (at least 2020/04/06),
(biblatex)             setting 'casechanger=expl3'.
 (C:\Users\andrzej.skrodzki\AppData\Local\Programs\MiKTeX\tex/latex/biblatex\blx-case-expl3.sty (C:\Users\andrzej.skrodzki\AppData\Local\Programs\MiKTeX\tex/latex/l3packages/xparse\xparse.sty
Package: xparse 2024-08-16 L3 Experimental document command parser
)
Package: blx-case-expl3 2025/07/10 v3.21 expl3 case changing code for biblatex
)) (C:\Users\andrzej.skrodzki\AppData\Local\Programs\MiKTeX\tex/latex/base\fontenc.sty
Package: fontenc 2024/12/21 v2.1c Standard LaTeX package
) (C:\Users\andrzej.skrodzki\AppData\Local\Programs\MiKTeX\tex/latex/hyperref\hyperref.sty
Package: hyperref 2025-07-12 v7.01o Hypertext links for LaTeX
 (C:\Users\andrzej.skrodzki\AppData\Local\Programs\MiKTeX\tex/generic/kvdefinekeys\kvdefinekeys.sty
Package: kvdefinekeys 2019-12-19 v1.6 Define keys (HO)
) (C:\Users\andrzej.skrodzki\AppData\Local\Programs\MiKTeX\tex/generic/pdfescape\pdfescape.sty
Package: pdfescape 2019/12/09 v1.15 Implements pdfTeX's escape features (HO)
) (C:\Users\andrzej.skrodzki\AppData\Local\Programs\MiKTeX\tex/latex/hycolor\hycolor.sty
Package: hycolor 2020-01-27 v1.10 Color options for hyperref/bookmark (HO)
) (C:\Users\andrzej.skrodzki\AppData\Local\Programs\MiKTeX\tex/latex/hyperref\nameref.sty
Package: nameref 2025-06-21 v2.57 Cross-referencing by name of section
 (C:\Users\andrzej.skrodzki\AppData\Local\Programs\MiKTeX\tex/latex/refcount\refcount.sty
Package: refcount 2019/12/15 v3.6 Data extraction from label references (HO)
) (C:\Users\andrzej.skrodzki\AppData\Local\Programs\MiKTeX\tex/generic/gettitlestring\gettitlestring.sty
Package: gettitlestring 2019/12/15 v1.6 Cleanup title references (HO)
)
\c@section@level=\count412
) (C:\Users\andrzej.skrodzki\AppData\Local\Programs\MiKTeX\tex/generic/stringenc\stringenc.sty
Package: stringenc 2019/11/29 v1.12 Convert strings between diff. encodings (HO)
)
\@linkdim=\dimen149
\Hy@linkcounter=\count413
\Hy@pagecounter=\count414
 (C:\Users\andrzej.skrodzki\AppData\Local\Programs\MiKTeX\tex/latex/hyperref\pd1enc.def
File: pd1enc.def 2025-07-12 v7.01o Hyperref: PDFDocEncoding definition (HO)
Now handling font encoding PD1 ...
... no UTF-8 mapping file for font encoding PD1
) (C:\Users\andrzej.skrodzki\AppData\Local\Programs\MiKTeX\tex/generic/intcalc\intcalc.sty
Package: intcalc 2019/12/15 v1.3 Expandable calculations with integers (HO)
)
\Hy@SavedSpaceFactor=\count415
 (C:\Users\andrzej.skrodzki\AppData\Local\Programs\MiKTeX\tex/latex/hyperref\puenc.def
File: puenc.def 2025-07-12 v7.01o Hyperref: PDF Unicode definition (HO)
Now handling font encoding PU ...
... no UTF-8 mapping file for font encoding PU
)
Package hyperref Info: Option `unicode' set `true' on input line 4066.
Package hyperref Info: Hyper figures OFF on input line 4195.
Package hyperref Info: Link nesting OFF on input line 4200.
Package hyperref Info: Hyper index ON on input line 4203.
Package hyperref Info: Plain pages OFF on input line 4210.
Package hyperref Info: Backreferencing OFF on input line 4215.
Package hyperref Info: Implicit mode ON; LaTeX internals redefined.
Package hyperref Info: Bookmarks ON on input line 4462.
\c@Hy@tempcnt=\count416
LaTeX Info: Redefining \url on input line 4801.
\XeTeXLinkMargin=\dimen150
 (C:\Users\andrzej.skrodzki\AppData\Local\Programs\MiKTeX\tex/generic/bitset\bitset.sty
Package: bitset 2019/12/09 v1.3 Handle bit-vector datatype (HO)
 (C:\Users\andrzej.skrodzki\AppData\Local\Programs\MiKTeX\tex/generic/bigintcalc\bigintcalc.sty
Package: bigintcalc 2019/12/15 v1.5 Expandable calculations on big integers (HO)
))
\Fld@menulength=\count417
\Field@Width=\dimen151
\Fld@charsize=\dimen152
Package hyperref Info: Hyper figures OFF on input line 6078.
Package hyperref Info: Link nesting OFF on input line 6083.
Package hyperref Info: Hyper index ON on input line 6086.
Package hyperref Info: backreferencing OFF on input line 6093.
Package hyperref Info: Link coloring OFF on input line 6098.
Package hyperref Info: Link coloring with OCG OFF on input line 6103.
Package hyperref Info: PDF/A mode OFF on input line 6108.
\Hy@abspage=\count418
\c@Item=\count419
\c@Hfootnote=\count420
)
Package hyperref Info: Driver (autodetected): hpdftex.
 (C:\Users\andrzej.skrodzki\AppData\Local\Programs\MiKTeX\tex/latex/hyperref\hpdftex.def
File: hpdftex.def 2025-07-12 v7.01o Hyperref driver for pdfTeX
\Fld@listcount=\count421
\c@bookmark@seq@number=\count422
 (C:\Users\andrzej.skrodzki\AppData\Local\Programs\MiKTeX\tex/latex/rerunfilecheck\rerunfilecheck.sty
Package: rerunfilecheck 2025-06-21 v1.11 Rerun checks for auxiliary files (HO)
 (C:\Users\andrzej.skrodzki\AppData\Local\Programs\MiKTeX\tex/generic/uniquecounter\uniquecounter.sty
Package: uniquecounter 2019/12/15 v1.4 Provide unlimited unique counter (HO)
)
Package uniquecounter Info: New unique counter `rerunfilecheck' on input line 284.
)
\Hy@SectionHShift=\skip73
) (C:\Users\andrzej.skrodzki\AppData\Local\Programs\MiKTeX\tex/generic/babel\babel.sty
Package: babel 2025/08/03 v25.12 The multilingual framework for LuaLaTeX, pdfLaTeX and XeLaTeX
\babel@savecnt=\count423
LaTeX Encoding Info:    Redeclaring text command \ij (encoding OT1) on input line 2045.
LaTeX Encoding Info:    Redeclaring text command \IJ (encoding OT1) on input line 2047.
LaTeX Encoding Info:    Redeclaring text command \ij (encoding T1) on input line 2049.
LaTeX Encoding Info:    Redeclaring text command \IJ (encoding T1) on input line 2050.
LaTeX Encoding Info:    Ignoring declaration for text command \ij (encoding ?) on input line 2051.
LaTeX Encoding Info:    Ignoring declaration for text command \IJ (encoding ?) on input line 2053.
LaTeX Encoding Info:    Ignoring declaration for text command \SS (encoding ?) on input line 2078.
\U@D=\dimen153
\l@unhyphenated=\language80
 (C:\Users\andrzej.skrodzki\AppData\Local\Programs\MiKTeX\tex/generic/babel\txtbabel.def)
\bbl@readstream=\read3
\bbl@dirlevel=\count424

*************************************
* Local config file bblopts.cfg used
*
(C:\Users\andrzej.skrodzki\AppData\Local\Programs\MiKTeX\tex/latex/arabi\bblopts.cfg
File: bblopts.cfg 2005/09/08 v0.1 add Arabic and Farsi to "declared" options of babel
) (C:\Users\andrzej.skrodzki\AppData\Local\Programs\MiKTeX\tex/latex/babel-english\english.ldf
Language: english 2017/06/06 v3.3r English support from the babel system
 (C:\Users\andrzej.skrodzki\AppData\Local\Programs\MiKTeX\tex/generic/babel/locale/en\babel-english.tex
Package babel Info: Importing font and identification data for english
(babel)             from babel-en.ini. Reported on input line 12.
)
Package babel Info: Hyphen rules for 'canadian' set to \l@english
(babel)             (\language0). Reported on input line 102.
Package babel Info: Hyphen rules for 'australian' set to \l@ukenglish
(babel)             (\language73). Reported on input line 105.
Package babel Info: Hyphen rules for 'newzealand' set to \l@ukenglish
(babel)             (\language73). Reported on input line 108.
)) (C:\Users\andrzej.skrodzki\AppData\Local\Programs\MiKTeX\tex/latex/geometry\geometry.sty
Package: geometry 2020/01/02 v5.9 Page Geometry
 (C:\Users\andrzej.skrodzki\AppData\Local\Programs\MiKTeX\tex/generic/iftex\ifvtex.sty
Package: ifvtex 2019/10/25 v1.7 ifvtex legacy package. Use iftex instead.
)
\Gm@cnth=\count425
\Gm@cntv=\count426
\c@Gm@tempcnt=\count427
\Gm@bindingoffset=\dimen154
\Gm@wd@mp=\dimen155
\Gm@odd@mp=\dimen156
\Gm@even@mp=\dimen157
\Gm@layoutwidth=\dimen158
\Gm@layoutheight=\dimen159
\Gm@layouthoffset=\dimen160
\Gm@layoutvoffset=\dimen161
\Gm@dimlist=\toks20
 (C:\Users\andrzej.skrodzki\AppData\Local\Programs\MiKTeX\tex/latex/geometry\geometry.cfg)) (C:\Users\andrzej.skrodzki\AppData\Local\Programs\MiKTeX\tex/latex/graphics\graphicx.sty
Package: graphicx 2024/12/31 v1.2e Enhanced LaTeX Graphics (DPC,SPQR)
 (C:\Users\andrzej.skrodzki\AppData\Local\Programs\MiKTeX\tex/latex/graphics\graphics.sty
Package: graphics 2024/08/06 v1.4g Standard LaTeX Graphics (DPC,SPQR)
 (C:\Users\andrzej.skrodzki\AppData\Local\Programs\MiKTeX\tex/latex/graphics\trig.sty
Package: trig 2023/12/02 v1.11 sin cos tan (DPC)
) (C:\Users\andrzej.skrodzki\AppData\Local\Programs\MiKTeX\tex/latex/graphics-cfg\graphics.cfg
File: graphics.cfg 2016/06/04 v1.11 sample graphics configuration
)
Package graphics Info: Driver file: pdftex.def on input line 106.
 (C:\Users\andrzej.skrodzki\AppData\Local\Programs\MiKTeX\tex/latex/graphics-def\pdftex.def
File: pdftex.def 2024/04/13 v1.2c Graphics/color driver for pdftex
))
\Gin@req@height=\dimen162
\Gin@req@width=\dimen163
) (C:\Users\andrzej.skrodzki\AppData\Local\Programs\MiKTeX\tex/latex/comment\comment.sty
\CommentStream=\write4
 Excluding comment 'comment') (C:\Users\andrzej.skrodzki\AppData\Local\Programs\MiKTeX\tex/latex/setspace\setspace.sty
Package: setspace 2022/12/04 v6.7b set line spacing
) (C:\Users\andrzej.skrodzki\AppData\Local\Programs\MiKTeX\tex/latex/placeins\placeins.sty
Package: placeins 2005/04/18  v 2.2
) (C:\Users\andrzej.skrodzki\AppData\Local\Programs\MiKTeX\tex/latex/float\float.sty
Package: float 2001/11/08 v1.3d Float enhancements (AL)
\c@float@type=\count428
\float@exts=\toks21
\float@box=\box53
\@float@everytoks=\toks22
\@floatcapt=\box54
) (C:\Users\andrzej.skrodzki\AppData\Local\Programs\MiKTeX\tex/latex/multirow\multirow.sty
Package: multirow 2024/11/12 v2.9 Span multiple rows of a table
\multirow@colwidth=\skip74
\multirow@cntb=\count429
\multirow@dima=\skip75
\bigstrutjot=\dimen164
) (C:\Users\andrzej.skrodzki\AppData\Local\Programs\MiKTeX\tex/latex/tools\tabularx.sty
Package: tabularx 2023/12/11 v2.12a `tabularx' package (DPC)
 (C:\Users\andrzej.skrodzki\AppData\Local\Programs\MiKTeX\tex/latex/tools\array.sty
Package: array 2025/06/08 v2.6j Tabular extension package (FMi)
\col@sep=\dimen165
\ar@mcellbox=\box55
\extrarowheight=\dimen166
\NC@list=\toks23
\extratabsurround=\skip76
\backup@length=\skip77
\ar@cellbox=\box56
)
\TX@col@width=\dimen167
\TX@old@table=\dimen168
\TX@old@col=\dimen169
\TX@target=\dimen170
\TX@delta=\dimen171
\TX@cols=\count430
\TX@ftn=\toks24
) (C:\Users\andrzej.skrodzki\AppData\Local\Programs\MiKTeX\tex/latex/algorithms\algorithm.sty
Package: algorithm 2009/08/24 v0.1 Document Style `algorithm' - floating environment
\@float@every@algorithm=\toks25
\c@algorithm=\count431
) (C:\Users\andrzej.skrodzki\AppData\Local\Programs\MiKTeX\tex/latex/algorithmicx\algpseudocode.sty
Package: algpseudocode 
 (C:\Users\andrzej.skrodzki\AppData\Local\Programs\MiKTeX\tex/latex/algorithmicx\algorithmicx.sty
Package: algorithmicx 2005/04/27 v1.2 Algorithmicx

Document Style algorithmicx 1.2 - a greatly improved `algorithmic' style
\c@ALG@line=\count432
\c@ALG@rem=\count433
\c@ALG@nested=\count434
\ALG@tlm=\skip78
\ALG@thistlm=\skip79
\c@ALG@Lnr=\count435
\c@ALG@blocknr=\count436
\c@ALG@storecount=\count437
\c@ALG@tmpcounter=\count438
\ALG@tmplength=\skip80
)
Document Style - pseudocode environments for use with the `algorithmicx' style
) (C:\Users\andrzej.skrodzki\AppData\Local\Programs\MiKTeX\tex/latex/titlesec\titlesec.sty
Package: titlesec 2025/01/04 v2.17 Sectioning titles
\ttl@box=\box57
\beforetitleunit=\skip81
\aftertitleunit=\skip82
\ttl@plus=\dimen172
\ttl@minus=\dimen173
\ttl@toksa=\toks26
\titlewidth=\dimen174
\titlewidthlast=\dimen175
\titlewidthfirst=\dimen176
) (C:\Users\andrzej.skrodzki\AppData\Local\Programs\MiKTeX\tex/latex/amsfonts\amssymb.sty
Package: amssymb 2013/01/14 v3.01 AMS font symbols
 (C:\Users\andrzej.skrodzki\AppData\Local\Programs\MiKTeX\tex/latex/amsfonts\amsfonts.sty
Package: amsfonts 2013/01/14 v3.01 Basic AMSFonts support
\@emptytoks=\toks27
\symAMSa=\mathgroup4
\symAMSb=\mathgroup5
LaTeX Font Info:    Redeclaring math symbol \hbar on input line 98.
LaTeX Font Info:    Overwriting math alphabet `\mathfrak' in version `bold'
(Font)                  U/euf/m/n --> U/euf/b/n on input line 106.
)) (C:\Users\andrzej.skrodzki\AppData\Local\Programs\MiKTeX\tex/latex/amsmath\amsmath.sty
Package: amsmath 2025/06/16 v2.17y AMS math features
\@mathmargin=\skip83

For additional information on amsmath, use the `?' option.
(C:\Users\andrzej.skrodzki\AppData\Local\Programs\MiKTeX\tex/latex/amsmath\amstext.sty
Package: amstext 2024/11/17 v2.01 AMS text
 (C:\Users\andrzej.skrodzki\AppData\Local\Programs\MiKTeX\tex/latex/amsmath\amsgen.sty
File: amsgen.sty 1999/11/30 v2.0 generic functions
\@emptytoks=\toks28
\ex@=\dimen177
)) (C:\Users\andrzej.skrodzki\AppData\Local\Programs\MiKTeX\tex/latex/amsmath\amsbsy.sty
Package: amsbsy 1999/11/29 v1.2d Bold Symbols
\pmbraise@=\dimen178
) (C:\Users\andrzej.skrodzki\AppData\Local\Programs\MiKTeX\tex/latex/amsmath\amsopn.sty
Package: amsopn 2022/04/08 v2.04 operator names
)
\inf@bad=\count439
LaTeX Info: Redefining \frac on input line 233.
\uproot@=\count440
\leftroot@=\count441
LaTeX Info: Redefining \overline on input line 398.
LaTeX Info: Redefining \colon on input line 409.
\classnum@=\count442
\DOTSCASE@=\count443
LaTeX Info: Redefining \ldots on input line 495.
LaTeX Info: Redefining \dots on input line 498.
LaTeX Info: Redefining \cdots on input line 619.
\Mathstrutbox@=\box58
\strutbox@=\box59
LaTeX Info: Redefining \big on input line 721.
LaTeX Info: Redefining \Big on input line 722.
LaTeX Info: Redefining \bigg on input line 723.
LaTeX Info: Redefining \Bigg on input line 724.
\big@size=\dimen179
LaTeX Font Info:    Redeclaring font encoding OML on input line 742.
LaTeX Font Info:    Redeclaring font encoding OMS on input line 743.
\macc@depth=\count444
LaTeX Info: Redefining \bmod on input line 904.
LaTeX Info: Redefining \pmod on input line 909.
LaTeX Info: Redefining \smash on input line 939.
LaTeX Info: Redefining \relbar on input line 969.
LaTeX Info: Redefining \Relbar on input line 970.
\c@MaxMatrixCols=\count445
\dotsspace@=\muskip22
\c@parentequation=\count446
\dspbrk@lvl=\count447
\tag@help=\toks29
\row@=\count448
\column@=\count449
\maxfields@=\count450
\andhelp@=\toks30
\eqnshift@=\dimen180
\alignsep@=\dimen181
\tagshift@=\dimen182
\tagwidth@=\dimen183
\totwidth@=\dimen184
\lineht@=\dimen185
\@envbody=\toks31
\multlinegap=\skip84
\multlinetaggap=\skip85
\mathdisplay@stack=\toks32
LaTeX Info: Redefining \[ on input line 2949.
LaTeX Info: Redefining \] on input line 2950.
) (C:\Users\andrzej.skrodzki\AppData\Local\Programs\MiKTeX\tex/latex/csquotes\csquotes.sty
Package: csquotes 2024-04-04 v5.2o context-sensitive quotations (JAW)
\csq@reset=\count451
\csq@gtype=\count452
\csq@glevel=\count453
\csq@qlevel=\count454
\csq@maxlvl=\count455
\csq@tshold=\count456
\csq@ltx@everypar=\toks33
 (C:\Users\andrzej.skrodzki\AppData\Local\Programs\MiKTeX\tex/latex/csquotes\csquotes.def
File: csquotes.def 2024-04-04 v5.2o csquotes generic definitions (JAW)
)
Package csquotes Info: Trying to load configuration file 'csquotes.cfg'...
Package csquotes Info: ... configuration file loaded successfully.
 (C:\Users\andrzej.skrodzki\AppData\Local\Programs\MiKTeX\tex/latex/csquotes\csquotes.cfg
File: csquotes.cfg 
)) (C:\Users\andrzej.skrodzki\AppData\Local\Programs\MiKTeX\tex/latex/gensymb\gensymb.sty
Package: gensymb 2022/10/17 v1.0.2 (KJH)
) (C:\Users\andrzej.skrodzki\AppData\Local\Programs\MiKTeX\tex/latex/booktabs\booktabs.sty
Package: booktabs 2020/01/12 v1.61803398 Publication quality tables
\heavyrulewidth=\dimen186
\lightrulewidth=\dimen187
\cmidrulewidth=\dimen188
\belowrulesep=\dimen189
\belowbottomsep=\dimen190
\aboverulesep=\dimen191
\abovetopsep=\dimen192
\cmidrulesep=\dimen193
\cmidrulekern=\dimen194
\defaultaddspace=\dimen195
\@cmidla=\count457
\@cmidlb=\count458
\@aboverulesep=\dimen196
\@belowrulesep=\dimen197
\@thisruleclass=\count459
\@lastruleclass=\count460
\@thisrulewidth=\dimen198
) (C:\Users\andrzej.skrodzki\AppData\Local\Programs\MiKTeX\tex/latex/caption\subcaption.sty
Package: subcaption 2023/07/28 v1.6b Sub-captions (AR)
 (C:\Users\andrzej.skrodzki\AppData\Local\Programs\MiKTeX\tex/latex/caption\caption.sty
Package: caption 2023/08/05 v3.6o Customizing captions (AR)
 (C:\Users\andrzej.skrodzki\AppData\Local\Programs\MiKTeX\tex/latex/caption\caption3.sty
Package: caption3 2023/07/31 v2.4d caption3 kernel (AR)
\caption@tempdima=\dimen199
\captionmargin=\dimen256
\caption@leftmargin=\dimen257
\caption@rightmargin=\dimen258
\caption@width=\dimen259
\caption@indent=\dimen260
\caption@parindent=\dimen261
\caption@hangindent=\dimen262
Package caption Info: Standard document class detected.
)
\c@caption@flags=\count461
\c@continuedfloat=\count462
Package caption Info: float package is loaded.
Package caption Info: hyperref package is loaded.
)
Package caption Info: New subtype `subfigure' on input line 238.
\c@subfigure=\count463
Package caption Info: New subtype `subtable' on input line 238.
\c@subtable=\count464
)
Package csquotes Info: Checking for multilingual support...
Package csquotes Info: ... found 'babel' package.
Package csquotes Info: Adjusting default style.
Package csquotes Info: Redefining alias 'default' -> 'english'.
 (main.aux (Chapters/1_introduction.aux) (Chapters/2_development_environment.aux) (Chapters/3_direct_estimation.aux) (Chapters/4_conventional_estimation_with_ai.aux) (Chapters/5_real_time_implementation.aux) (Chapters/6_summary.aux) (Chapter/appendix.aux))
\openout1 = `main.aux'.

LaTeX Font Info:    Checking defaults for OML/cmm/m/it on input line 32.
LaTeX Font Info:    ... okay on input line 32.
LaTeX Font Info:    Checking defaults for OMS/cmsy/m/n on input line 32.
LaTeX Font Info:    ... okay on input line 32.
LaTeX Font Info:    Checking defaults for OT1/cmr/m/n on input line 32.
LaTeX Font Info:    ... okay on input line 32.
LaTeX Font Info:    Checking defaults for T1/cmr/m/n on input line 32.
LaTeX Font Info:    ... okay on input line 32.
LaTeX Font Info:    Checking defaults for TS1/cmr/m/n on input line 32.
LaTeX Font Info:    ... okay on input line 32.
LaTeX Font Info:    Checking defaults for OMX/cmex/m/n on input line 32.
LaTeX Font Info:    ... okay on input line 32.
LaTeX Font Info:    Checking defaults for U/cmr/m/n on input line 32.
LaTeX Font Info:    ... okay on input line 32.
LaTeX Font Info:    Checking defaults for PD1/pdf/m/n on input line 32.
LaTeX Font Info:    ... okay on input line 32.
LaTeX Font Info:    Checking defaults for PU/pdf/m/n on input line 32.
LaTeX Font Info:    ... okay on input line 32.
Package biblatex Info: Trying to load language 'english'...
Package biblatex Info: ... file 'english.lbx' found.
 (C:\Users\andrzej.skrodzki\AppData\Local\Programs\MiKTeX\tex/latex/biblatex/lbx\english.lbx
File: english.lbx 2025/07/10 v3.21 biblatex localization (PK/MW)
)
Package biblatex Info: Input encoding 'utf8' detected.
Package biblatex Info: Automatic encoding selection.
(biblatex)             Assuming data encoding 'utf8'.
\openout3 = `main.bcf'.

Package biblatex Info: Trying to load bibliographic data...
Package biblatex Info: ... file 'main.bbl' found.
 (main.bbl)
Package biblatex Info: Reference section=0 on input line 32.
Package biblatex Info: Reference segment=0 on input line 32.
Package hyperref Info: Link coloring OFF on input line 32.
 (main.out) (main.out)
\@outlinefile=\write5
\openout5 = `main.out'.


*geometry* driver: auto-detecting
*geometry* detected driver: pdftex
*geometry* verbose mode - [ preamble ] result:
* driver: pdftex
* paper: a4paper
* layout: <same size as paper>
* layoutoffset:(h,v)=(0.0pt,0.0pt)
* modes: 
* h-part:(L,W,R)=(71.13188pt, 455.24411pt, 71.13188pt)
* v-part:(T,H,B)=(71.13188pt, 702.78308pt, 71.13188pt)
* \paperwidth=597.50787pt
* \paperheight=845.04684pt
* \textwidth=455.24411pt
* \textheight=702.78308pt
* \oddsidemargin=-1.1381pt
* \evensidemargin=-1.1381pt
* \topmargin=-38.1381pt
* \headheight=12.0pt
* \headsep=25.0pt
* \topskip=12.0pt
* \footskip=30.0pt
* \marginparwidth=35.0pt
* \marginparsep=10.0pt
* \columnsep=10.0pt
* \skip\footins=10.8pt plus 4.0pt minus 2.0pt
* \hoffset=0.0pt
* \voffset=0.0pt
* \mag=1000
* \@twocolumnfalse
* \@twosidefalse
* \@mparswitchfalse
* \@reversemarginfalse
* (1in=72.27pt=25.4mm, 1cm=28.453pt)

(C:\Users\andrzej.skrodzki\AppData\Local\Programs\MiKTeX\tex/context/base/mkii\supp-pdf.mkii
[Loading MPS to PDF converter (version 2006.09.02).]
\scratchcounter=\count465
\scratchdimen=\dimen263
\scratchbox=\box60
\nofMPsegments=\count466
\nofMParguments=\count467
\everyMPshowfont=\toks34
\MPscratchCnt=\count468
\MPscratchDim=\dimen264
\MPnumerator=\count469
\makeMPintoPDFobject=\count470
\everyMPtoPDFconversion=\toks35
) (C:\Users\andrzej.skrodzki\AppData\Local\Programs\MiKTeX\tex/latex/epstopdf-pkg\epstopdf-base.sty
Package: epstopdf-base 2020-01-24 v2.11 Base part for package epstopdf
Package epstopdf-base Info: Redefining graphics rule for `.eps' on input line 485.
 (C:\Users\andrzej.skrodzki\AppData\Local\Programs\MiKTeX\tex/latex/00miktex\epstopdf-sys.cfg
File: epstopdf-sys.cfg 2021/03/18 v2.0 Configuration of epstopdf for MiKTeX
))
LaTeX Info: Redefining \celsius on input line 32.
Package gensymb Info: Faking symbols for \degree and \celsius on input line 32.


Package gensymb Warning: Not defining \perthousand.

LaTeX Info: Redefining \ohm on input line 32.
Package gensymb Info: Using \Omega for \ohm on input line 32.

Package gensymb Warning: Not defining \micro.

Package caption Info: Begin \AtBeginDocument code.
Package caption Info: End \AtBeginDocument code.
<images/BMElogo.png, id=175, 397.485pt x 127.47626pt>
File: images/BMElogo.png Graphic file (type png)
<use images/BMElogo.png>
Package pdftex.def Info: images/BMElogo.png  used on input line 41.
(pdftex.def)             Requested size: 199.16928pt x 63.87607pt.
LaTeX Font Info:    Trying to load font information for U+msa on input line 48.
(C:\Users\andrzej.skrodzki\AppData\Local\Programs\MiKTeX\tex/latex/amsfonts\umsa.fd
File: umsa.fd 2013/01/14 v3.01 AMS symbols A
)
LaTeX Font Info:    Trying to load font information for U+msb on input line 48.
 (C:\Users\andrzej.skrodzki\AppData\Local\Programs\MiKTeX\tex/latex/amsfonts\umsb.fd
File: umsb.fd 2013/01/14 v3.01 AMS symbols B
)

[1

{C:/Users/andrzej.skrodzki/AppData/Local/MiKTeX/fonts/map/pdftex/pdftex.map} <./images/BMElogo.png>] (main.toc

[1

])
\tf@toc=\write6
\openout6 = `main.toc'.



[2]
\openout2 = `Chapters/1_introduction.aux'.

 (Chapters/1_introduction.tex
Overfull \hbox (1.74101pt too wide) in paragraph at lines 6--7
\T1/cmr/m/n/12 nolo-gies. Con-ven-tion-ally, the mea-sure-ment of ve-hi-cle speed has been ac-com-plished through
 []




pdfTeX warning (ext4): destination with the same identifier (name{page.1}) has been already used, duplicate ignored
<to be read again> 
                   \relax 
l.14 \chapter
             {Vehicle speed} [1


]
Chapter 1.


[2

]
<images/vehicle_speed.pdf, id=260, 375.4025pt x 264.99pt>
File: images/vehicle_speed.pdf Graphic file (type pdf)
<use images/vehicle_speed.pdf>
Package pdftex.def Info: images/vehicle_speed.pdf  used on input line 43.
(pdftex.def)             Requested size: 318.66948pt x 224.95547pt.


[3 <./images/vehicle_speed.pdf>]
<images/Vehicle-longitudinal-powertrain-diagram-speed-calculation.png, id=285, 1145.27875pt x 484.81125pt>
File: images/Vehicle-longitudinal-powertrain-diagram-speed-calculation.png Graphic file (type png)
<use images/Vehicle-longitudinal-powertrain-diagram-speed-calculation.png>
Package pdftex.def Info: images/Vehicle-longitudinal-powertrain-diagram-speed-calculation.png  used on input line 69.
(pdftex.def)             Requested size: 409.71692pt x 173.43706pt.


[4 <./images/Vehicle-longitudinal-powertrain-diagram-speed-calculation.png (PNG copy)>]
<images/speedometer_patent.png, id=301, 496.10344pt x 467.49657pt>
File: images/speedometer_patent.png Graphic file (type png)
<use images/speedometer_patent.png>
Package pdftex.def Info: images/speedometer_patent.png  used on input line 88.
(pdftex.def)             Requested size: 273.14923pt x 257.4021pt.


[5]
<images/passive_wheel_speed_sensor.png, id=314, 307.1475pt x 328.22626pt>
File: images/passive_wheel_speed_sensor.png Graphic file (type png)
<use images/passive_wheel_speed_sensor.png>
Package pdftex.def Info: images/passive_wheel_speed_sensor.png  used on input line 101.
(pdftex.def)             Requested size: 204.85846pt x 218.9188pt.
<images/active_wheel_speed_sensor.png, id=315, 307.1475pt x 333.245pt>
File: images/active_wheel_speed_sensor.png Graphic file (type png)
<use images/active_wheel_speed_sensor.png>
Package pdftex.def Info: images/active_wheel_speed_sensor.png  used on input line 106.
(pdftex.def)             Requested size: 204.85846pt x 222.26616pt.


[6 <./images/speedometer_patent.png>]

[7 <./images/passive_wheel_speed_sensor.png> <./images/active_wheel_speed_sensor.png>]
<images/trilateration.pdf, id=334, 390.45876pt x 412.54124pt>
File: images/trilateration.pdf Graphic file (type pdf)
<use images/trilateration.pdf>
Package pdftex.def Info: images/trilateration.pdf  used on input line 162.
(pdftex.def)             Requested size: 204.85846pt x 216.44261pt.
<images/ecef.jpg, id=335, 995.1579pt x 948.4233pt>
File: images/ecef.jpg Graphic file (type jpg)
<use images/ecef.jpg>
Package pdftex.def Info: images/ecef.jpg  used on input line 167.
(pdftex.def)             Requested size: 204.85846pt x 195.23845pt.


[8]

[9 <./images/trilateration.pdf> <./images/ecef.jpg>]
<images/simple_estimator.png, id=395, 825.83531pt x 642.90187pt>
File: images/simple_estimator.png Graphic file (type png)
<use images/simple_estimator.png>
Package pdftex.def Info: images/simple_estimator.png  used on input line 192.
(pdftex.def)             Requested size: 273.14923pt x 212.63895pt.
<images/kalman_filter.png, id=399, 1044.15094pt x 324.46219pt>
File: images/kalman_filter.png Graphic file (type png)
<use images/kalman_filter.png>
Package pdftex.def Info: images/kalman_filter.png  used on input line 216.
(pdftex.def)             Requested size: 273.14923pt x 84.878pt.


[10 <./images/simple_estimator.png>]
<images/Extended Kalman Filter Estimator (vehicle model).pdf, id=414, 444.66125pt x 306.14375pt>
File: images/Extended Kalman Filter Estimator (vehicle model).pdf Graphic file (type pdf)
<use images/Extended Kalman Filter Estimator (vehicle model).pdf>
Package pdftex.def Info: images/Extended Kalman Filter Estimator (vehicle model).pdf  used on input line 226.
(pdftex.def)             Requested size: 364.19667pt x 250.7452pt.


[11 <./images/kalman_filter.png> <./images/Extended Kalman Filter Estimator (vehicle model).pdf>]
<images/fuzzy_logic.png, id=468, 791.20593pt x 630.10406pt>
File: images/fuzzy_logic.png Graphic file (type png)
<use images/fuzzy_logic.png>
Package pdftex.def Info: images/fuzzy_logic.png  used on input line 243.
(pdftex.def)             Requested size: 364.19667pt x 290.04367pt.


[12 <./images/fuzzy_logic.png>]
<images/deep_dynamics.png, id=482, 1140.51094pt x 639.89063pt>
File: images/deep_dynamics.png Graphic file (type png)
<use images/deep_dynamics.png>
Package pdftex.def Info: images/deep_dynamics.png  used on input line 275.
(pdftex.def)             Requested size: 364.19667pt x 204.3298pt.


[13]
<images/physiscs_embedded_neural_network.png, id=493, 1110.39844pt x 527.72156pt>
File: images/physiscs_embedded_neural_network.png Graphic file (type png)
<use images/physiscs_embedded_neural_network.png>
Package pdftex.def Info: images/physiscs_embedded_neural_network.png  used on input line 284.
(pdftex.def)             Requested size: 364.19667pt x 173.08574pt.
<images/Transformer Encoder.png, id=498, 756.57657pt x 56.46094pt>
File: images/Transformer Encoder.png Graphic file (type png)
<use images/Transformer Encoder.png>
Package pdftex.def Info: images/Transformer Encoder.png  used on input line 294.
(pdftex.def)             Requested size: 455.24411pt x 33.9733pt.


[14 <./images/deep_dynamics.png> <./images/physiscs_embedded_neural_network.png>])

[15 <./images/Transformer Encoder.png>]
\openout2 = `Chapters/2_development_environment.aux'.

 (Chapters/2_development_environment.tex
Chapter 2.
<images/sensors.pdf, id=518, 524.96124pt x 358.33875pt>
File: images/sensors.pdf Graphic file (type pdf)
<use images/sensors.pdf>
Package pdftex.def Info: images/sensors.pdf  used on input line 40.
(pdftex.def)             Requested size: 455.24411pt x 310.76253pt.


[16




]

[17 <./images/sensors.pdf>]
Overfull \hbox (2.98114pt too wide) in paragraph at lines 81--82
\T1/cmr/m/n/12 mea-sure-ment data was split into three dif-fer-ent sets. The train-ing set con-tains 31 measeure-
 []



[18]
<images/validation_meas.png, id=561, 722.7pt x 361.35pt>
File: images/validation_meas.png Graphic file (type png)
<use images/validation_meas.png>
Package pdftex.def Info: images/validation_meas.png  used on input line 143.
(pdftex.def)             Requested size: 455.24411pt x 227.62413pt.


[19 <./images/validation_meas.png>]
<images/Vehicle speed estimator.pdf, id=573, 828.09375pt x 338.26375pt>
File: images/Vehicle speed estimator.pdf Graphic file (type pdf)
<use images/Vehicle speed estimator.pdf>
Package pdftex.def Info: images/Vehicle speed estimator.pdf  used on input line 164.
(pdftex.def)             Requested size: 455.24411pt x 185.96304pt.


[20 <./images/Vehicle speed estimator.pdf>]

[21])

[22]
\openout2 = `Chapters/3_direct_estimation.aux'.

 (Chapters/3_direct_estimation.tex
Chapter 3.


[23




]
<images/feedforward vs recurrent.pdf, id=743, 556.0775pt x 238.8925pt>
File: images/feedforward vs recurrent.pdf Graphic file (type pdf)
<use images/feedforward vs recurrent.pdf>
Package pdftex.def Info: images/feedforward vs recurrent.pdf  used on input line 36.
(pdftex.def)             Requested size: 273.14923pt x 117.34631pt.
<images/rnn_sequence.pdf, id=745, 1903.11pt x 624.17192pt>
File: images/rnn_sequence.pdf Graphic file (type pdf)
<use images/rnn_sequence.pdf>
Package pdftex.def Info: images/rnn_sequence.pdf  used on input line 47.
(pdftex.def)             Requested size: 455.24411pt x 149.30907pt.


LaTeX Warning: `h' float specifier changed to `ht'.



[24 <./images/feedforward vs recurrent.pdf>]
<images/rnn_unit.pdf, id=839, 1090.0725pt x 634.62094pt>
File: images/rnn_unit.pdf Graphic file (type pdf)
<use images/rnn_unit.pdf>
Package pdftex.def Info: images/rnn_unit.pdf  used on input line 65.
(pdftex.def)             Requested size: 273.14923pt x 159.02281pt.


[25 <./images/rnn_sequence.pdf> <./images/rnn_unit.pdf>]

[26]
<images/rnn_2layers.pdf, id=923, 560.0925pt x 738.59943pt>
File: images/rnn_2layers.pdf Graphic file (type pdf)
<use images/rnn_2layers.pdf>
Package pdftex.def Info: images/rnn_2layers.pdf  used on input line 133.
(pdftex.def)             Requested size: 136.57462pt x 180.09628pt.


LaTeX Warning: `h' float specifier changed to `ht'.



[27]
Overfull \hbox (2.76826pt too wide) in paragraph at lines 164--213
 [][] 
 []


LaTeX Warning: `h' float specifier changed to `ht'.



[28 <./images/rnn_2layers.pdf>]

[29]

LaTeX Warning: `h' float specifier changed to `ht'.



[30

]

[31]
<images/results/rnn/rnn_31.png, id=969, 505.89pt x 361.35pt>
File: images/results/rnn/rnn_31.png Graphic file (type png)
<use images/results/rnn/rnn_31.png>
Package pdftex.def Info: images/results/rnn/rnn_31.png  used on input line 360.
(pdftex.def)             Requested size: 223.07211pt x 159.33633pt.
<images/results/rnn/rnn_16.png, id=970, 505.89pt x 361.35pt>
File: images/results/rnn/rnn_16.png Graphic file (type png)
<use images/results/rnn/rnn_16.png>
Package pdftex.def Info: images/results/rnn/rnn_16.png  used on input line 361.
(pdftex.def)             Requested size: 223.07211pt x 159.33633pt.


[32 <./images/results/rnn/rnn_31.png> <./images/results/rnn/rnn_16.png>]
<images/lstm_sequence.pdf, id=979, 1903.11pt x 624.17192pt>
File: images/lstm_sequence.pdf Graphic file (type pdf)
<use images/lstm_sequence.pdf>
Package pdftex.def Info: images/lstm_sequence.pdf  used on input line 378.
(pdftex.def)             Requested size: 455.24411pt x 149.30907pt.
<images/lstm_unit.pdf, id=981, 1601.26233pt x 869.40807pt>
File: images/lstm_unit.pdf Graphic file (type pdf)
<use images/lstm_unit.pdf>
Package pdftex.def Info: images/lstm_unit.pdf  used on input line 404.
(pdftex.def)             Requested size: 455.24411pt x 247.17363pt.


LaTeX Warning: `h' float specifier changed to `ht'.



[33 <./images/lstm_sequence.pdf>]

[34 <./images/lstm_unit.pdf>]

[35]

LaTeX Warning: `h' float specifier changed to `ht'.



[36]
<images/results/lstm/lstm_31.png, id=1036, 505.89pt x 361.35pt>
File: images/results/lstm/lstm_31.png Graphic file (type png)
<use images/results/lstm/lstm_31.png>
Package pdftex.def Info: images/results/lstm/lstm_31.png  used on input line 582.
(pdftex.def)             Requested size: 223.07211pt x 159.33633pt.
<images/results/lstm/lstm_8.png, id=1037, 505.89pt x 361.35pt>
File: images/results/lstm/lstm_8.png Graphic file (type png)
<use images/results/lstm/lstm_8.png>
Package pdftex.def Info: images/results/lstm/lstm_8.png  used on input line 583.
(pdftex.def)             Requested size: 223.07211pt x 159.33633pt.


LaTeX Warning: `h' float specifier changed to `ht'.



[37]
<images/gru_sequence.pdf, id=1046, 1903.11pt x 624.17192pt>
File: images/gru_sequence.pdf Graphic file (type pdf)
<use images/gru_sequence.pdf>
Package pdftex.def Info: images/gru_sequence.pdf  used on input line 600.
(pdftex.def)             Requested size: 455.24411pt x 149.30907pt.


[38 <./images/results/lstm/lstm_31.png> <./images/results/lstm/lstm_8.png> <./images/gru_sequence.pdf>]
<images/gru_unit.pdf, id=1057, 1745.07967pt x 922.88791pt>
File: images/gru_unit.pdf Graphic file (type pdf)
<use images/gru_unit.pdf>
Package pdftex.def Info: images/gru_unit.pdf  used on input line 625.
(pdftex.def)             Requested size: 455.24411pt x 240.74788pt.


[39 <./images/gru_unit.pdf>]
Overfull \hbox (9.7257pt too wide) in paragraph at lines 667--668
\T1/cmr/m/n/12 The code us-ing for train-ing and val-i-dat-ing can be found at $\T1/cmtt/m/n/12 AI _ training / 3 _ code / training _
 []



[40]

LaTeX Warning: `h' float specifier changed to `ht'.



[41]
<images/results/gru/gru_31.png, id=1099, 505.89pt x 361.35pt>
File: images/results/gru/gru_31.png Graphic file (type png)
<use images/results/gru/gru_31.png>
Package pdftex.def Info: images/results/gru/gru_31.png  used on input line 791.
(pdftex.def)             Requested size: 223.07211pt x 159.33633pt.
<images/results/gru/gru_8.png, id=1100, 505.89pt x 361.35pt>
File: images/results/gru/gru_8.png Graphic file (type png)
<use images/results/gru/gru_8.png>
Package pdftex.def Info: images/results/gru/gru_8.png  used on input line 792.
(pdftex.def)             Requested size: 223.07211pt x 159.33633pt.


LaTeX Warning: `h' float specifier changed to `ht'.



[42]
<images/tcn_dilated_conv.pdf, id=1110, 1157.04266pt x 581.2917pt>
File: images/tcn_dilated_conv.pdf Graphic file (type pdf)
<use images/tcn_dilated_conv.pdf>
Package pdftex.def Info: images/tcn_dilated_conv.pdf  used on input line 813.
(pdftex.def)             Requested size: 409.71692pt x 205.83224pt.


LaTeX Warning: `h' float specifier changed to `ht'.



[43 <./images/results/gru/gru_31.png> <./images/results/gru/gru_8.png>]

[44 <./images/tcn_dilated_conv.pdf>]
<images/tcn_residual_block.pdf, id=1128, 579.60541pt x 669.22017pt>
File: images/tcn_residual_block.pdf Graphic file (type pdf)
<use images/tcn_residual_block.pdf>
Package pdftex.def Info: images/tcn_residual_block.pdf  used on input line 856.
(pdftex.def)             Requested size: 182.09486pt x 210.24384pt.


[45 <./images/tcn_residual_block.pdf>]

LaTeX Warning: `h' float specifier changed to `ht'.



[46]

LaTeX Warning: `h' float specifier changed to `ht'.



[47]
<images/results/tcn/tcn_37.png, id=1158, 505.89pt x 361.35pt>
File: images/results/tcn/tcn_37.png Graphic file (type png)
<use images/results/tcn/tcn_37.png>
Package pdftex.def Info: images/results/tcn/tcn_37.png  used on input line 1025.
(pdftex.def)             Requested size: 223.07211pt x 159.33633pt.
<images/results/tcn/tcn_8.png, id=1159, 505.89pt x 361.35pt>
File: images/results/tcn/tcn_8.png Graphic file (type png)
<use images/results/tcn/tcn_8.png>
Package pdftex.def Info: images/results/tcn/tcn_8.png  used on input line 1026.
(pdftex.def)             Requested size: 223.07211pt x 159.33633pt.


LaTeX Warning: `h' float specifier changed to `ht'.



[48]

[49 <./images/results/tcn/tcn_37.png> <./images/results/tcn/tcn_8.png>]

[50]
<images/transformer_encoder_block.pdf, id=1190, 1300.86pt x 871.8171pt>
File: images/transformer_encoder_block.pdf Graphic file (type pdf)
<use images/transformer_encoder_block.pdf>
Package pdftex.def Info: images/transformer_encoder_block.pdf  used on input line 1099.
(pdftex.def)             Requested size: 318.66948pt x 213.5638pt.


LaTeX Warning: `h' float specifier changed to `ht'.



[51]

LaTeX Warning: `h' float specifier changed to `ht'.



[52 <./images/transformer_encoder_block.pdf>]

LaTeX Warning: `h' float specifier changed to `ht'.



[53]
<images/results/transformer/transformer_31.png, id=1228, 505.89pt x 361.35pt>
File: images/results/transformer/transformer_31.png Graphic file (type png)
<use images/results/transformer/transformer_31.png>
Package pdftex.def Info: images/results/transformer/transformer_31.png  used on input line 1250.
(pdftex.def)             Requested size: 223.07211pt x 159.33633pt.
<images/results/transformer/transformer_48.png, id=1229, 505.89pt x 361.35pt>
File: images/results/transformer/transformer_48.png Graphic file (type png)
<use images/results/transformer/transformer_48.png>
Package pdftex.def Info: images/results/transformer/transformer_48.png  used on input line 1251.
(pdftex.def)             Requested size: 223.07211pt x 159.33633pt.


LaTeX Warning: `h' float specifier changed to `ht'.



[54 <./images/results/transformer/transformer_31.png> <./images/results/transformer/transformer_48.png>])

[55]
\openout2 = `Chapters/4_conventional_estimation_with_ai.aux'.

 (Chapters/4_conventional_estimation_with_ai.tex
Chapter 4.


[56




]

[57]
<images/results/best_wheel/best_wheel_i7_31.png, id=1259, 505.89pt x 361.35pt>
File: images/results/best_wheel/best_wheel_i7_31.png Graphic file (type png)
<use images/results/best_wheel/best_wheel_i7_31.png>
Package pdftex.def Info: images/results/best_wheel/best_wheel_i7_31.png  used on input line 79.
(pdftex.def)             Requested size: 223.07211pt x 159.33633pt.
<images/results/best_wheel/best_wheel_i7_8.png, id=1260, 505.89pt x 361.35pt>
File: images/results/best_wheel/best_wheel_i7_8.png Graphic file (type png)
<use images/results/best_wheel/best_wheel_i7_8.png>
Package pdftex.def Info: images/results/best_wheel/best_wheel_i7_8.png  used on input line 84.
(pdftex.def)             Requested size: 223.07211pt x 159.33633pt.


[58 <./images/results/best_wheel/best_wheel_i7_31.png> <./images/results/best_wheel/best_wheel_i7_8.png>]

[59]

[60]
<images/results/model_based/model_based_i7_16.png, id=1297, 505.89pt x 361.35pt>
File: images/results/model_based/model_based_i7_16.png Graphic file (type png)
<use images/results/model_based/model_based_i7_16.png>
Package pdftex.def Info: images/results/model_based/model_based_i7_16.png  used on input line 204.
(pdftex.def)             Requested size: 223.07211pt x 159.33633pt.
<images/results/model_based/model_based_i7_48.png, id=1298, 505.89pt x 361.35pt>
File: images/results/model_based/model_based_i7_48.png Graphic file (type png)
<use images/results/model_based/model_based_i7_48.png>
Package pdftex.def Info: images/results/model_based/model_based_i7_48.png  used on input line 209.
(pdftex.def)             Requested size: 223.07211pt x 159.33633pt.


LaTeX Warning: `h' float specifier changed to `ht'.



[61]

[62 <./images/results/model_based/model_based_i7_16.png> <./images/results/model_based/model_based_i7_48.png>]

LaTeX Warning: `h' float specifier changed to `ht'.



[63]
<images/results/ekf_bw/ekf_bw_i7_16.png, id=1330, 505.89pt x 361.35pt>
File: images/results/ekf_bw/ekf_bw_i7_16.png Graphic file (type png)
<use images/results/ekf_bw/ekf_bw_i7_16.png>
Package pdftex.def Info: images/results/ekf_bw/ekf_bw_i7_16.png  used on input line 279.
(pdftex.def)             Requested size: 223.07211pt x 159.33633pt.
<images/results/ekf_bw/ekf_bw_i7_43.png, id=1331, 505.89pt x 361.35pt>
File: images/results/ekf_bw/ekf_bw_i7_43.png Graphic file (type png)
<use images/results/ekf_bw/ekf_bw_i7_43.png>
Package pdftex.def Info: images/results/ekf_bw/ekf_bw_i7_43.png  used on input line 284.
(pdftex.def)             Requested size: 223.07211pt x 159.33633pt.


[64 <./images/results/ekf_bw/ekf_bw_i7_16.png> <./images/results/ekf_bw/ekf_bw_i7_43.png>]
<images/results/ekf_ai/ekf_ai_16.png, id=1344, 505.89pt x 361.35pt>
File: images/results/ekf_ai/ekf_ai_16.png Graphic file (type png)
<use images/results/ekf_ai/ekf_ai_16.png>
Package pdftex.def Info: images/results/ekf_ai/ekf_ai_16.png  used on input line 339.
(pdftex.def)             Requested size: 223.07211pt x 159.33633pt.
<images/results/ekf_ai/ekf_ai_37.png, id=1345, 505.89pt x 361.35pt>
File: images/results/ekf_ai/ekf_ai_37.png Graphic file (type png)
<use images/results/ekf_ai/ekf_ai_37.png>
Package pdftex.def Info: images/results/ekf_ai/ekf_ai_37.png  used on input line 344.
(pdftex.def)             Requested size: 223.07211pt x 159.33633pt.


[65 <./images/results/ekf_ai/ekf_ai_16.png> <./images/results/ekf_ai/ekf_ai_37.png>])

[66]
\openout2 = `Chapters/5_real_time_implementation.aux'.

 (Chapters/5_real_time_implementation.tex
Chapter 5.
<images/rt.pdf, id=1361, 1020.93419pt x 425.4294pt>
File: images/rt.pdf Graphic file (type pdf)
<use images/rt.pdf>
Package pdftex.def Info: images/rt.pdf  used on input line 12.
(pdftex.def)             Requested size: 409.71692pt x 170.73349pt.


[67




 <./images/rt.pdf>]
<images/rt_toolchain.pdf, id=1370, 1081.1592pt x 196.5744pt>
File: images/rt_toolchain.pdf Graphic file (type pdf)
<use images/rt_toolchain.pdf>
Package pdftex.def Info: images/rt_toolchain.pdf  used on input line 31.
(pdftex.def)             Requested size: 409.71692pt x 74.49208pt.


[68 <./images/rt_toolchain.pdf>])

[69]
\openout2 = `Chapters/6_summary.aux'.

 (Chapters/6_summary.tex)

[70




]
\openout2 = `Chapter/appendix.aux'.


No file Chapter/appendix.tex.

Overfull \hbox (21.56143pt too wide) in paragraph at lines 84--84
[]\T1/cmr/m/n/12 The Ed-i-tors of En-cy-clopae-dia Bri-tan-nica. \T1/cmr/m/it/12 speedome-ter\T1/cmr/m/n/12 . \T1/cmr/m/sc/12 url\T1/cmr/m/n/12 : []$\T1/cmtt/m/n/12 https : / / www . britannica .
 []


Overfull \hbox (17.38272pt too wide) in paragraph at lines 84--84
[]\T1/cmr/m/it/12 Math frames\T1/cmr/m/n/12 . \T1/cmr/m/sc/12 url\T1/cmr/m/n/12 : []$\T1/cmtt/m/n/12 https : / / www . vectornav . com / resources / inertial -[] navigation -[]
 []



[71






]

[72] (main.lof

[73

]
Overfull \hbox (10.19926pt too wide) in paragraph at lines 34--34
 [][] [][]\T1/cmr/m/n/12 a) Trans-fomer en-coder block with re-gres-sion head b) Multi-head self-attention 
 []

)
\tf@lof=\write7
\openout7 = `main.lof'.



[74] (main.lot

[75

])
\tf@lot=\write8
\openout8 = `main.lot'.



[76]
Appendix A.


[77

]
Appendix B.

LaTeX Warning: Float too large for page by 293.0155pt on input line 166.


LaTeX Warning: `h' float specifier changed to `ht'.



[78

]

[79] (main.aux (Chapters/1_introduction.aux) (Chapters/2_development_environment.aux) (Chapters/3_direct_estimation.aux) (Chapters/4_conventional_estimation_with_ai.aux) (Chapters/5_real_time_implementation.aux) (Chapters/6_summary.aux) (Chapter/appendix.aux))
 ***********
LaTeX2e <2025-06-01> patch level 1
L3 programming layer <2025-09-02>
 ***********
Package rerunfilecheck Info: File `main.out' has not changed.
(rerunfilecheck)             Checksum: 788DC6616DF9DB7658D6F439DCC4D8BB;7762.
Package logreq Info: Writing requests to 'main.run.xml'.
\openout1 = `main.run.xml'.

 ) 
Here is how much of TeX's memory you used:
 23200 strings out of 468130
 422625 string characters out of 5425309
 1300701 words of memory out of 5000000
 51143 multiletter control sequences out of 15000+600000
 650159 words of font info for 93 fonts, out of 8000000 for 9000
 1141 hyphenation exceptions out of 8191
 67i,14n,77p,1482b,2955s stack positions out of 10000i,1000n,20000p,200000b,200000s
 <C:\Users\andrzej.skrodzki\AppData\Local\MiKTeX\fonts/pk/ljfour/jknappen/ec/dpi600\eccc1200.pk> <C:\Users\andrzej.skrodzki\AppData\Local\MiKTeX\fonts/pk/ljfour/jknappen/ec/dpi600\ectt1200.pk> <C:\Users\andrzej.skrodzki\AppData\Local\MiKTeX\fonts/pk/ljfour/jknappen/ec/dpi600\ecrm1095.pk> <C:\Users\andrzej.skrodzki\AppData\Local\MiKTeX\fonts/pk/ljfour/jknappen/ec/dpi600\ecbx1095.pk> <C:\Users\andrzej.skrodzki\AppData\Local\MiKTeX\fonts/pk/ljfour/jknappen/ec/dpi600\tcrm1200.pk> <C:\Users\andrzej.skrodzki\AppData\Local\MiKTeX\fonts/pk/ljfour/jknappen/ec/dpi600\ecbx1728.pk> <C:\Users\andrzej.skrodzki\AppData\Local\MiKTeX\fonts/pk/ljfour/jknappen/ec/dpi600\ecbx2488.pk> <C:\Users\andrzej.skrodzki\AppData\Local\MiKTeX\fonts/pk/ljfour/jknappen/ec/dpi600\ecrm1440.pk> <C:\Users\andrzej.skrodzki\AppData\Local\MiKTeX\fonts/pk/ljfour/jknappen/ec/dpi600\ecbx1200.pk> <C:\Users\andrzej.skrodzki\AppData\Local\MiKTeX\fonts/pk/ljfour/jknappen/ec/dpi600\ecrm1200.pk> <C:\Users\andrzej.skrodzki\AppData\Local\MiKTeX\fonts/pk/ljfour/jknappen/ec/dpi600\ecbx1440.pk> <C:\Users\andrzej.skrodzki\AppData\Local\MiKTeX\fonts/pk/ljfour/jknappen/ec/dpi600\ecti1200.pk> <C:\Users\andrzej.skrodzki\AppData\Local\MiKTeX\fonts/pk/ljfour/jknappen/ec/dpi600\ecbx2074.pk><C:/Users/andrzej.skrodzki/AppData/Local/Programs/MiKTeX/fonts/type1/public/amsfonts/cm/cmex10.pfb><C:/Users/andrzej.skrodzki/AppData/Local/Programs/MiKTeX/fonts/type1/public/amsfonts/cm/cmmi10.pfb><C:/Users/andrzej.skrodzki/AppData/Local/Programs/MiKTeX/fonts/type1/public/amsfonts/cm/cmmi12.pfb><C:/Users/andrzej.skrodzki/AppData/Local/Programs/MiKTeX/fonts/type1/public/amsfonts/cm/cmmi6.pfb><C:/Users/andrzej.skrodzki/AppData/Local/Programs/MiKTeX/fonts/type1/public/amsfonts/cm/cmmi8.pfb><C:/Users/andrzej.skrodzki/AppData/Local/Programs/MiKTeX/fonts/type1/public/amsfonts/cm/cmmib10.pfb><C:/Users/andrzej.skrodzki/AppData/Local/Programs/MiKTeX/fonts/type1/public/amsfonts/cm/cmr10.pfb><C:/Users/andrzej.skrodzki/AppData/Local/Programs/MiKTeX/fonts/type1/public/amsfonts/cm/cmr12.pfb><C:/Users/andrzej.skrodzki/AppData/Local/Programs/MiKTeX/fonts/type1/public/amsfonts/cm/cmr6.pfb><C:/Users/andrzej.skrodzki/AppData/Local/Programs/MiKTeX/fonts/type1/public/amsfonts/cm/cmr8.pfb><C:/Users/andrzej.skrodzki/AppData/Local/Programs/MiKTeX/fonts/type1/public/amsfonts/cm/cmsy10.pfb><C:/Users/andrzej.skrodzki/AppData/Local/Programs/MiKTeX/fonts/type1/public/amsfonts/cm/cmsy6.pfb><C:/Users/andrzej.skrodzki/AppData/Local/Programs/MiKTeX/fonts/type1/public/amsfonts/cm/cmsy8.pfb><C:/Users/andrzej.skrodzki/AppData/Local/Programs/MiKTeX/fonts/type1/public/amsfonts/symbols/msbm10.pfb>
Output written on main.pdf (82 pages, 9190693 bytes).
PDF statistics:
 2225 PDF objects out of 2487 (max. 8388607)
 342 named destinations out of 1000 (max. 500000)
 590 words of extra memory for PDF output out of 10000 (max. 10000000)

